// Vitest Snapshot v1, https://vitest.dev/guide/snapshot.html

exports[`route inventory > matches the pinned endpoint list 1`] = `
[
  "DELETE /api/admin/users/:id",
  "DELETE /api/bambu/accounts/:id",
  "DELETE /api/filament/:id",
  "DELETE /api/filament/spares/:id",
  "DELETE /api/library/:id",
  "DELETE /api/maintenance/:id",
  "DELETE /api/models/:id/tags/:tagId",
  "DELETE /api/models/bulk/tags",
  "DELETE /api/printers/config/:dev_id",
  "DELETE /api/settings/database/backups/:filename",
  "GET \${go2rtcProxyPath}/*",
  "GET *",
  "GET /",
  "GET /admin",
  "GET /api/admin/users",
  "GET /api/background-jobs/summary",
  "GET /api/bambu/accounts",
  "GET /api/camera-snapshot",
  "GET /api/camera-test",
  "GET /api/camera/stream",
  "GET /api/check-auth",
  "GET /api/client-telemetry/recent",
  "GET /api/debug/videos",
  "GET /api/download-missing-covers-status",
  "GET /api/download/:modelId",
  "GET /api/filament",
  "GET /api/health",
  "GET /api/health",
  "GET /api/internal/diag/auth",
  "GET /api/job-cover/:dev_id",
  "GET /api/library",
  "GET /api/library/:id/tags",
  "GET /api/library/auto-tag-status",
  "GET /api/library/bulk-delete-status",
  "GET /api/library/download/:id",
  "GET /api/library/duplicates",
  "GET /api/library/duplicates",
  "GET /api/library/geometry/:id",
  "GET /api/library/scan-status",
  "GET /api/library/search",
  "GET /api/library/share/:hash/download",
  "GET /api/library/share/:hash/geometry",
  "GET /api/library/share/:hash/thumbnail",
  "GET /api/library/stats",
  "GET /api/library/thumbnail/:id",
  "GET /api/local/download/:modelId",
  "GET /api/log-level",
  "GET /api/maintenance",
  "GET /api/maintenance/:id/history",
  "GET /api/maintenance/summary",
  "GET /api/match-videos-status",
  "GET /api/models",
  "GET /api/models/:id/problems",
  "GET /api/models/:id/tags",
  "GET /api/printer-transfer-status",
  "GET /api/printer/download/:modelId",
  "GET /api/printers",
  "GET /api/printers/:devId/chamber.jpg",
  "GET /api/printers/:devId/chamber.mjpeg",
  "GET /api/printers/config",
  "GET /api/printers/status",
  "GET /api/prints",
  "GET /api/settings/bambu-status",
  "GET /api/settings/costs",
  "GET /api/settings/dashboard-widgets",
  "GET /api/settings/database",
  "GET /api/settings/database/backup/status/:jobId",
  "GET /api/settings/database/backups",
  "GET /api/settings/database/maintenance-status",
  "GET /api/settings/database/restore/status/:jobId",
  "GET /api/settings/database/restore/status/:jobId",
  "GET /api/settings/discord",
  "GET /api/settings/notifications",
  "GET /api/settings/oauth",
  "GET /api/settings/oauth-public",
  "GET /api/settings/printer-ftp",
  "GET /api/settings/profile",
  "GET /api/settings/ui",
  "GET /api/settings/watchdog",
  "GET /api/statistics",
  "GET /api/statistics/costs",
  "GET /api/sync-status",
  "GET /api/tags",
  "GET /api/timelapse/:modelId",
  "GET /api/timelapses",
  "GET /api/user/me",
  "GET /api/version",
  "GET /auth/google",
  "GET /auth/google/callback",
  "GET /auth/oidc",
  "GET /auth/oidc/callback",
  "GET /data/bmc-brand-logo.svg",
  "GET /images/covers/:modelId.:ext",
  "GET /library/share",
  "PATCH /api/admin/users/:id/role",
  "PATCH /api/filament/:id",
  "PATCH /api/filament/spares/:id",
  "PATCH /api/library/:id",
  "POST /api/admin/migrate-bambu-accounts",
  "POST /api/bambu/accounts/:id/primary",
  "POST /api/bambu/accounts/add",
  "POST /api/camera/stop",
  "POST /api/client-telemetry",
  "POST /api/discord/test",
  "POST /api/download-missing-covers",
  "POST /api/filament",
  "POST /api/filament/import",
  "POST /api/filament/import/image",
  "POST /api/filament/spares",
  "POST /api/filament/spares/adjust",
  "POST /api/library/:id/auto-tag",
  "POST /api/library/auto-tag-all",
  "POST /api/library/auto-tag-cancel",
  "POST /api/library/bulk-delete",
  "POST /api/library/bulk-delete-cancel",
  "POST /api/library/calculate-all-hashes",
  "POST /api/library/clean-descriptions",
  "POST /api/library/cleanup-missing",
  "POST /api/library/detect-problems",
  "POST /api/library/parse-folder-tags",
  "POST /api/library/scan",
  "POST /api/library/scan-cancel",
  "POST /api/library/share/:id",
  "POST /api/library/upload",
  "POST /api/log-level",
  "POST /api/maintenance",
  "POST /api/maintenance/:id/complete",
  "POST /api/match-videos",
  "POST /api/match-videos-cancel",
  "POST /api/models/:id/calculate-hash",
  "POST /api/models/:id/tags",
  "POST /api/models/bulk/delete",
  "POST /api/models/bulk/tags",
  "POST /api/printers/config",
  "POST /api/printers/discover-ip",
  "POST /api/printers/discover-missing-ips",
  "POST /api/problems/:id/resolve",
  "POST /api/settings/change-password",
  "POST /api/settings/connect-bambu",
  "POST /api/settings/costs",
  "POST /api/settings/dashboard-widgets",
  "POST /api/settings/database",
  "POST /api/settings/database/analyze",
  "POST /api/settings/database/backup",
  "POST /api/settings/database/reindex",
  "POST /api/settings/database/restore",
  "POST /api/settings/database/test-remote",
  "POST /api/settings/database/vacuum",
  "POST /api/settings/disconnect-bambu",
  "POST /api/settings/discord",
  "POST /api/settings/notifications",
  "POST /api/settings/notifications/test",
  "POST /api/settings/printer-ftp",
  "POST /api/settings/profile",
  "POST /api/settings/request-code",
  "POST /api/settings/restart",
  "POST /api/settings/restart",
  "POST /api/settings/save-oauth",
  "POST /api/settings/save-printer-ftp",
  "POST /api/settings/test-printer-ftp",
  "POST /api/settings/ui",
  "POST /api/settings/watchdog",
  "POST /api/sync",
  "POST /api/sync-printer-timelapses",
  "POST /api/sync-sd-card",
  "POST /api/system/restart",
  "POST /auth/login",
  "POST /auth/logout",
  "POST /auth/request-code",
  "PUT /api/library/:id/tags",
  "PUT /api/maintenance/:id",
]
`;
